TEST 1 BEGIN
$ python3 -c "from quiz_8 import *; the_horizons = Building(10, 'A B C D'); print(repr(the_horizons))"
Building(10, 'A B C D')
TEST 1 END

TEST 2 BEGIN
$ python3 -c "from quiz_8 import *; the_horizons = Building(10, 'A B C D'); print(the_horizons)"
Building with 11 floors accessible from entries: A, B, C, D
TEST 2 END

TEST 3 BEGIN
$ python3 -c "from quiz_8 import *; the_horizons = Building(10, 'A B C D'); print(Building.number_created)"
1
TEST 3 END

TEST 4 BEGIN
$ python3 -c "from quiz_8 import *; the_horizons = Building(10, 'A B C D'); the_spike = Building(37, '1'); print(repr(the_spike))"
Building(37, '1')
TEST 4 END

TEST 5 BEGIN
$ python3 -c "from quiz_8 import *; the_horizons = Building(10, 'A B C D'); the_spike = Building(37, '1'); print(the_spike)"
Building with 38 floors accessible from entries: 1
TEST 5 END

TEST 6 BEGIN
$ python3 -c "from quiz_8 import *; the_horizons = Building(10, 'A B C D'); the_spike = Building(37, '1'); print(Building.number_created)"
2
TEST 6 END

TEST 7 BEGIN
$ python3 -c "from quiz_8 import *; the_horizons = Building(10, 'A B C D'); the_spike = Building(37, '1'); the_seaside = Building(6, 'A B Z'); print(repr(the_seaside))"
Building(6, 'A B Z')
TEST 7 END

TEST 8 BEGIN
$ python3 -c "from quiz_8 import *; the_horizons = Building(10, 'A B C D'); the_spike = Building(37, '1'); the_seaside = Building(6, 'A B Z'); print(the_seaside)"
Building with 7 floors accessible from entries: A, B, Z
TEST 8 END

TEST 9 BEGIN
$ python3 -c "from quiz_8 import *; the_horizons = Building(10, 'A B C D'); the_spike = Building(37, '1'); the_seaside = Building(6, 'A B Z'); print(Building.number_created)"
3
TEST 9 END

TEST 10 BEGIN
$ python3 -c "from quiz_8 import *; the_horizons = Building(10, 'A B C D'); print(the_horizons.go_to_floor_from_entry(-1, 'A', 4))"
Traceback (most recent call last):
...
quiz_8.BuildingError: That makes no sense!
TEST 10 END

TEST 11 BEGIN
$ python3 -c "from quiz_8 import *; the_horizons = Building(10, 'A B C D'); print(the_horizons.go_to_floor_from_entry(11, 'A', 4))"
Traceback (most recent call last):
...
quiz_8.BuildingError: That makes no sense!
TEST 11 END

TEST 12 BEGIN
$ python3 -c "from quiz_8 import *; the_horizons = Building(10, 'A B C D'); print(the_horizons.go_to_floor_from_entry(0, 'Z', 4))"
Traceback (most recent call last):
...
quiz_8.BuildingError: That makes no sense!
TEST 12 END

TEST 13 BEGIN
$ python3 -c "from quiz_8 import *; the_horizons = Building(10, 'A B C D'); print(the_horizons.go_to_floor_from_entry(0, 'B', 0))"
Traceback (most recent call last):
...
quiz_8.BuildingError: That makes no sense!
TEST 13 END

TEST 14 BEGIN
$ python3 -c "from quiz_8 import *; the_horizons = Building(10, 'A B C D'); the_spike = Building(37, '1'); the_horizons.go_to_floor_from_entry(0, 'B', 4); compare_occupancies(the_horizons, the_spike)"
There are more occupants in the first building.
TEST 14 END

TEST 15 BEGIN
$ python3 -c "from quiz_8 import *; the_horizons = Building(10, 'A B C D'); the_spike = Building(37, '1'); the_horizons.go_to_floor_from_entry(0, 'B', 4); the_spike.go_to_floor_from_entry(17, '1', 4); compare_occupancies(the_horizons, the_spike)"
There is the same number of occupants in both buildings.
TEST 15 END

TEST 16 BEGIN
$ python3 -c "from quiz_8 import *; the_horizons = Building(10, 'A B C D'); the_spike = Building(37, '1'); the_horizons.go_to_floor_from_entry(0, 'B', 4); the_spike.go_to_floor_from_entry(17, '1', 4); print(the_spike.leave_floor_from_entry(17, '1', 0))"
Traceback (most recent call last):
...
quiz_8.BuildingError: That makes no sense!
TEST 16 END

TEST 17 BEGIN
$ python3 -c "from quiz_8 import *; the_horizons = Building(10, 'A B C D'); the_spike = Building(37, '1'); the_horizons.go_to_floor_from_entry(0, 'B', 4); the_spike.go_to_floor_from_entry(17, '1', 4); print(the_spike.leave_floor_from_entry(17, '1', 5))"
Traceback (most recent call last):
...
quiz_8.BuildingError: There aren't that many people on that floor!
TEST 17 END

TEST 18 BEGIN
$ python3 -c "from quiz_8 import *; the_horizons = Building(10, 'A B C D'); the_spike = Building(37, '1'); the_horizons.go_to_floor_from_entry(0, 'B', 4); the_spike.go_to_floor_from_entry(17, '1', 4); the_spike.leave_floor_from_entry(17, '1', 3); print(the_horizons.leave_floor_from_entry(0, 'A', 1))"
Traceback (most recent call last):
...
quiz_8.BuildingError: There aren't that many people on that floor!
TEST 18 END

TEST 19 BEGIN
$ python3 -c "from quiz_8 import *; the_horizons = Building(10, 'A B C D'); the_spike = Building(37, '1'); the_horizons.go_to_floor_from_entry(0, 'B', 4); the_spike.go_to_floor_from_entry(17, '1', 4); the_spike.leave_floor_from_entry(17, '1', 3); the_horizons.leave_floor_from_entry(0, 'B', 1); the_horizons.leave_floor_from_entry(0, 'B', 1); the_horizons.leave_floor_from_entry(0, 'B', 1); compare_occupancies(the_horizons, the_spike)"
There is the same number of occupants in both buildings.
TEST 19 END

TEST 20 BEGIN
$ python3 -c "from quiz_8 import *; the_horizons = Building(10, 'A B C D'); the_spike = Building(37, '1'); the_horizons.go_to_floor_from_entry(0, 'B', 4); the_spike.go_to_floor_from_entry(17, '1', 4); the_spike.leave_floor_from_entry(17, '1', 3); the_horizons.leave_floor_from_entry(0, 'B', 1); the_horizons.leave_floor_from_entry(0, 'B', 1); the_horizons.leave_floor_from_entry(0, 'B', 1); the_horizons.leave_floor_from_entry(0, 'B', 1); compare_occupancies(the_horizons, the_spike)"
There are more occupants in the second building.
TEST 20 END

TEST 21 BEGIN
$ python3 -c "from quiz_8 import *; the_seaside = Building(6, 'A B Z'); the_seaside.go_to_floor_from_entry(3, 'B', 1)"
TEST 21 END

TEST 22 BEGIN
$ python3 -c "from quiz_8 import *; the_seaside = Building(6, 'A B Z'); the_seaside.go_to_floor_from_entry(3, 'B', 1); the_seaside.go_to_floor_from_entry(3, 'B', 1)"
Wait, lift has to go down 3 floors...
TEST 22 END

TEST 23 BEGIN
$ python3 -c "from quiz_8 import *; the_seaside = Building(6, 'A B Z'); the_seaside.go_to_floor_from_entry(3, 'B', 1); the_seaside.go_to_floor_from_entry(3, 'B', 1); the_seaside.go_to_floor_from_entry(3, 'B', 1)"
Wait, lift has to go down 3 floors...
Wait, lift has to go down 3 floors...
TEST 23 END

TEST 24 BEGIN
$ python3 -c "from quiz_8 import *; the_seaside = Building(6, 'A B Z'); the_seaside.go_to_floor_from_entry(3, 'B', 1); the_seaside.go_to_floor_from_entry(3, 'B', 1); the_seaside.go_to_floor_from_entry(3, 'B', 1); the_seaside.go_to_floor_from_entry(3, 'B', 1)"
Wait, lift has to go down 3 floors...
Wait, lift has to go down 3 floors...
Wait, lift has to go down 3 floors...
TEST 24 END

TEST 25 BEGIN
$ python3 -c "from quiz_8 import *; the_seaside = Building(6, 'A B Z'); the_seaside.go_to_floor_from_entry(3, 'B', 1); the_seaside.go_to_floor_from_entry(3, 'B', 1); the_seaside.go_to_floor_from_entry(3, 'B', 1); the_seaside.go_to_floor_from_entry(3, 'B', 2)"
Wait, lift has to go down 3 floors...
Wait, lift has to go down 3 floors...
Wait, lift has to go down 3 floors...
TEST 25 END

TEST 26 BEGIN
$ python3 -c "from quiz_8 import *; the_seaside = Building(6, 'A B Z'); the_seaside.go_to_floor_from_entry(3, 'B', 1); the_seaside.go_to_floor_from_entry(3, 'B', 1); the_seaside.go_to_floor_from_entry(3, 'B', 1); the_seaside.go_to_floor_from_entry(3, 'B', 2); the_seaside.leave_floor_from_entry(3, 'B', 2)"
Wait, lift has to go down 3 floors...
Wait, lift has to go down 3 floors...
Wait, lift has to go down 3 floors...
TEST 26 END

TEST 27 BEGIN
$ python3 -c "from quiz_8 import *; the_seaside = Building(6, 'A B Z'); the_seaside.go_to_floor_from_entry(3, 'B', 1); the_seaside.go_to_floor_from_entry(3, 'B', 1); the_seaside.go_to_floor_from_entry(3, 'B', 1); the_seaside.go_to_floor_from_entry(3, 'B', 2); the_seaside.leave_floor_from_entry(3, 'B', 2); the_seaside.leave_floor_from_entry(3, 'B', 2)"
Wait, lift has to go down 3 floors...
Wait, lift has to go down 3 floors...
Wait, lift has to go down 3 floors...
Wait, lift has to go up 3 floors...
TEST 27 END

TEST 28 BEGIN
$ python3 -c "from quiz_8 import *; the_seaside = Building(6, 'A B Z'); the_seaside.go_to_floor_from_entry(3, 'B', 1); the_seaside.go_to_floor_from_entry(3, 'B', 1); the_seaside.go_to_floor_from_entry(3, 'B', 1); the_seaside.go_to_floor_from_entry(3, 'B', 2); the_seaside.leave_floor_from_entry(3, 'B', 2); the_seaside.leave_floor_from_entry(3, 'B', 2); the_seaside.go_to_floor_from_entry(4, 'A', 10)"
Wait, lift has to go down 3 floors...
Wait, lift has to go down 3 floors...
Wait, lift has to go down 3 floors...
Wait, lift has to go up 3 floors...
TEST 28 END

TEST 29 BEGIN
$ python3 -c "from quiz_8 import *; the_seaside = Building(6, 'A B Z'); the_seaside.go_to_floor_from_entry(3, 'B', 1); the_seaside.go_to_floor_from_entry(3, 'B', 1); the_seaside.go_to_floor_from_entry(3, 'B', 1); the_seaside.go_to_floor_from_entry(3, 'B', 2); the_seaside.leave_floor_from_entry(3, 'B', 2); the_seaside.leave_floor_from_entry(3, 'B', 2); the_seaside.go_to_floor_from_entry(4, 'A', 10); the_seaside.go_to_floor_from_entry(5, 'A', 10)"
Wait, lift has to go down 3 floors...
Wait, lift has to go down 3 floors...
Wait, lift has to go down 3 floors...
Wait, lift has to go up 3 floors...
Wait, lift has to go down 4 floors...
TEST 29 END

TEST 30 BEGIN
$ python3 -c "from quiz_8 import *; the_seaside = Building(6, 'A B Z'); the_seaside.go_to_floor_from_entry(3, 'B', 1); the_seaside.go_to_floor_from_entry(3, 'B', 1); the_seaside.go_to_floor_from_entry(3, 'B', 1); the_seaside.go_to_floor_from_entry(3, 'B', 2); the_seaside.leave_floor_from_entry(3, 'B', 2); the_seaside.leave_floor_from_entry(3, 'B', 2); the_seaside.go_to_floor_from_entry(4, 'A', 10); the_seaside.go_to_floor_from_entry(5, 'A', 10); the_seaside.go_to_floor_from_entry(2, 'A', 10)"
Wait, lift has to go down 3 floors...
Wait, lift has to go down 3 floors...
Wait, lift has to go down 3 floors...
Wait, lift has to go up 3 floors...
Wait, lift has to go down 4 floors...
Wait, lift has to go down 5 floors...
TEST 30 END

TEST 31 BEGIN
$ python3 -c "from quiz_8 import *; the_seaside = Building(6, 'A B Z'); the_seaside.go_to_floor_from_entry(3, 'B', 1); the_seaside.go_to_floor_from_entry(3, 'B', 1); the_seaside.go_to_floor_from_entry(3, 'B', 1); the_seaside.go_to_floor_from_entry(3, 'B', 2); the_seaside.leave_floor_from_entry(3, 'B', 2); the_seaside.leave_floor_from_entry(3, 'B', 2); the_seaside.go_to_floor_from_entry(4, 'A', 10); the_seaside.go_to_floor_from_entry(5, 'A', 10); the_seaside.go_to_floor_from_entry(2, 'A', 10); the_seaside.leave_floor_from_entry(4, 'A', 2)"
Wait, lift has to go down 3 floors...
Wait, lift has to go down 3 floors...
Wait, lift has to go down 3 floors...
Wait, lift has to go up 3 floors...
Wait, lift has to go down 4 floors...
Wait, lift has to go down 5 floors...
Wait, lift has to go up 2 floors...
TEST 31 END

TEST 32 BEGIN
$ python3 -c "from quiz_8 import *; the_seaside = Building(6, 'A B Z'); the_seaside.go_to_floor_from_entry(3, 'B', 1); the_seaside.go_to_floor_from_entry(3, 'B', 1); the_seaside.go_to_floor_from_entry(3, 'B', 1); the_seaside.go_to_floor_from_entry(3, 'B', 2); the_seaside.leave_floor_from_entry(3, 'B', 2); the_seaside.leave_floor_from_entry(3, 'B', 2); the_seaside.go_to_floor_from_entry(4, 'A', 10); the_seaside.go_to_floor_from_entry(5, 'A', 10); the_seaside.go_to_floor_from_entry(2, 'A', 10); the_seaside.leave_floor_from_entry(4, 'A', 2); the_seaside.go_to_floor_from_entry(1, 'A', 10)"
Wait, lift has to go down 3 floors...
Wait, lift has to go down 3 floors...
Wait, lift has to go down 3 floors...
Wait, lift has to go up 3 floors...
Wait, lift has to go down 4 floors...
Wait, lift has to go down 5 floors...
Wait, lift has to go up 2 floors...
TEST 32 END

TEST 33 BEGIN
$ python3 -c "from quiz_8 import *; the_seaside = Building(6, 'A B Z'); the_seaside.go_to_floor_from_entry(3, 'B', 1); the_seaside.go_to_floor_from_entry(3, 'B', 1); the_seaside.go_to_floor_from_entry(3, 'B', 1); the_seaside.go_to_floor_from_entry(3, 'B', 2); the_seaside.leave_floor_from_entry(3, 'B', 2); the_seaside.leave_floor_from_entry(3, 'B', 2); the_seaside.go_to_floor_from_entry(4, 'A', 10); the_seaside.go_to_floor_from_entry(5, 'A', 10); the_seaside.go_to_floor_from_entry(2, 'A', 10); the_seaside.leave_floor_from_entry(4, 'A', 2); the_seaside.go_to_floor_from_entry(1, 'A', 10); the_seaside.leave_floor_from_entry(5, 'A', 2)"
Wait, lift has to go down 3 floors...
Wait, lift has to go down 3 floors...
Wait, lift has to go down 3 floors...
Wait, lift has to go up 3 floors...
Wait, lift has to go down 4 floors...
Wait, lift has to go down 5 floors...
Wait, lift has to go up 2 floors...
Wait, lift has to go up 4 floors...
TEST 33 END

TEST 34 BEGIN
$ python3 -c "from quiz_8 import *; the_seaside = Building(6, 'A B Z'); the_seaside.go_to_floor_from_entry(3, 'B', 1); the_seaside.go_to_floor_from_entry(3, 'B', 1); the_seaside.go_to_floor_from_entry(3, 'B', 1); the_seaside.go_to_floor_from_entry(3, 'B', 2); the_seaside.leave_floor_from_entry(3, 'B', 2); the_seaside.leave_floor_from_entry(3, 'B', 2); the_seaside.go_to_floor_from_entry(4, 'A', 10); the_seaside.go_to_floor_from_entry(5, 'A', 10); the_seaside.go_to_floor_from_entry(2, 'A', 10); the_seaside.leave_floor_from_entry(4, 'A', 2); the_seaside.go_to_floor_from_entry(1, 'A', 10); the_seaside.leave_floor_from_entry(5, 'A', 2); the_seaside.go_to_floor_from_entry(5, 'A', 10)"
Wait, lift has to go down 3 floors...
Wait, lift has to go down 3 floors...
Wait, lift has to go down 3 floors...
Wait, lift has to go up 3 floors...
Wait, lift has to go down 4 floors...
Wait, lift has to go down 5 floors...
Wait, lift has to go up 2 floors...
Wait, lift has to go up 4 floors...
TEST 34 END

TEST 35 BEGIN
$ python3 -c "from quiz_8 import *; the_seaside = Building(6, 'A B Z'); the_seaside.go_to_floor_from_entry(3, 'B', 1); the_seaside.go_to_floor_from_entry(3, 'B', 1); the_seaside.go_to_floor_from_entry(3, 'B', 1); the_seaside.go_to_floor_from_entry(3, 'B', 2); the_seaside.leave_floor_from_entry(3, 'B', 2); the_seaside.leave_floor_from_entry(3, 'B', 2); the_seaside.go_to_floor_from_entry(4, 'A', 10); the_seaside.go_to_floor_from_entry(5, 'A', 10); the_seaside.go_to_floor_from_entry(2, 'A', 10); the_seaside.leave_floor_from_entry(4, 'A', 2); the_seaside.go_to_floor_from_entry(1, 'A', 10); the_seaside.leave_floor_from_entry(5, 'A', 2); the_seaside.go_to_floor_from_entry(5, 'A', 10); print(the_seaside.leave_floor_from_entry(3, 'B', 2))"
Traceback (most recent call last):
...
quiz_8.BuildingError: There aren't that many people on that floor!
Wait, lift has to go down 3 floors...
Wait, lift has to go down 3 floors...
Wait, lift has to go down 3 floors...
Wait, lift has to go up 3 floors...
Wait, lift has to go down 4 floors...
Wait, lift has to go down 5 floors...
Wait, lift has to go up 2 floors...
Wait, lift has to go up 4 floors...
TEST 35 END

TEST 36 BEGIN
$ python3 -c "from quiz_8 import *; the_seaside = Building(6, 'A B Z'); the_seaside.go_to_floor_from_entry(3, 'B', 1); the_seaside.go_to_floor_from_entry(3, 'B', 1); the_seaside.go_to_floor_from_entry(3, 'B', 1); the_seaside.go_to_floor_from_entry(3, 'B', 2); the_seaside.leave_floor_from_entry(3, 'B', 2); the_seaside.leave_floor_from_entry(3, 'B', 2); the_seaside.go_to_floor_from_entry(4, 'A', 10); the_seaside.go_to_floor_from_entry(5, 'A', 10); the_seaside.go_to_floor_from_entry(2, 'A', 10); the_seaside.leave_floor_from_entry(4, 'A', 2); the_seaside.go_to_floor_from_entry(1, 'A', 10); the_seaside.leave_floor_from_entry(5, 'A', 2); the_seaside.go_to_floor_from_entry(5, 'A', 10); the_seaside.leave_floor_from_entry(2, 'A', 2)"
Wait, lift has to go down 3 floors...
Wait, lift has to go down 3 floors...
Wait, lift has to go down 3 floors...
Wait, lift has to go up 3 floors...
Wait, lift has to go down 4 floors...
Wait, lift has to go down 5 floors...
Wait, lift has to go up 2 floors...
Wait, lift has to go up 4 floors...
Wait, lift has to go down 3 floors...
TEST 36 END

